// Vitest Snapshot v1, https://vitest.dev/guide/snapshot.html

exports[`TaskCard > renders 1`] = `
<div>
  <div
    class="rt-Box"
    draggable="true"
    style="position: relative; opacity: 1;"
  >
    <div
      class="rt-Flex rt-r-fd-column rt-r-gap-1"
      style="background: rgb(255, 255, 255); padding: 16px; border-radius: 4px; box-shadow: 0 1px 2px #ccc; cursor: move;"
    >
      <span
        class="rt-Text"
        style="font-size: 12px; color: rgb(62, 99, 221); font-weight: bold;"
      >
        TM-1
      </span>
      <span
        class="rt-Text"
        style="font-size: 14px; color: rgb(85, 85, 85);"
      >
        Test Task
      </span>
    </div>
    <button
      class="rt-reset rt-BaseButton rt-r-size-2 rt-variant-ghost rt-IconButton"
      data-accent-color=""
      style="position: absolute; top: 16px; right: 16px; cursor: pointer;"
    >
      <svg
        fill="none"
        height="18"
        viewBox="0 0 15 15"
        width="18"
        xmlns="http://www.w3.org/2000/svg"
      >
        <path
          clip-rule="evenodd"
          d="M5.5 1C5.22386 1 5 1.22386 5 1.5C5 1.77614 5.22386 2 5.5 2H9.5C9.77614 2 10 1.77614 10 1.5C10 1.22386 9.77614 1 9.5 1H5.5ZM3 3.5C3 3.22386 3.22386 3 3.5 3H5H10H11.5C11.7761 3 12 3.22386 12 3.5C12 3.77614 11.7761 4 11.5 4H11V12C11 12.5523 10.5523 13 10 13H5C4.44772 13 4 12.5523 4 12V4L3.5 4C3.22386 4 3 3.77614 3 3.5ZM5 4H10V12H5V4Z"
          fill="currentColor"
          fill-rule="evenodd"
        />
      </svg>
    </button>
  </div>
</div>
`;
